MPLINK 4.35, Linker
Linker Map File - Created Fri May 04 13:18:25 2018

                                 Section Info
                  Section       Type    Address   Location Size(Bytes)
                ---------  ---------  ---------  ---------  ---------
                   .org_0       code   0x000000    program   0x000000
                   .org_1       code   0x000000    program   0x000002
                   .org_2       code   0x000004    program   0x00078e



                              Program Memory Usage 
                               Start         End      
                           ---------   ---------      
                            0x000000    0x000000      
                            0x000004    0x0003ca      
            968 out of 1093 program addresses used, program memory utilization is 88%



                              Symbols - Sorted by Name
                     Name    Address   Location    Storage File                     
                ---------  ---------  ---------  --------- ---------                
                    AGAIN   0x000253    program     static C:\Users\alexa\Desktop\Final code 321L - edited with ali marmar\Tamar_Alex.asm
                   ARROWC   0x000346    program     static C:\Users\alexa\Desktop\Final code 321L - edited with ali marmar\Tamar_Alex.asm
                     BILL   0x0001a6    program     static C:\Users\alexa\Desktop\Final code 321L - edited with ali marmar\Tamar_Alex.asm
                    BILL2   0x0001bd    program     static C:\Users\alexa\Desktop\Final code 321L - edited with ali marmar\Tamar_Alex.asm
                 BILLNEXT   0x0001c7    program     static C:\Users\alexa\Desktop\Final code 321L - edited with ali marmar\Tamar_Alex.asm
                      CHK   0x0000d6    program     static C:\Users\alexa\Desktop\Final code 321L - edited with ali marmar\Tamar_Alex.asm
                    CLEAR   0x000385    program     static C:\Users\alexa\Desktop\Final code 321L - edited with ali marmar\Tamar_Alex.asm
                  CONFIRM   0x0000d0    program     static C:\Users\alexa\Desktop\Final code 321L - edited with ali marmar\Tamar_Alex.asm
                     CONT   0x000143    program     static C:\Users\alexa\Desktop\Final code 321L - edited with ali marmar\Tamar_Alex.asm
                    CONT1   0x0001b7    program     static C:\Users\alexa\Desktop\Final code 321L - edited with ali marmar\Tamar_Alex.asm
                    CONT2   0x0001ba    program     static C:\Users\alexa\Desktop\Final code 321L - edited with ali marmar\Tamar_Alex.asm
                    CONT4   0x00011e    program     static C:\Users\alexa\Desktop\Final code 321L - edited with ali marmar\Tamar_Alex.asm
                    CONT6   0x00022f    program     static C:\Users\alexa\Desktop\Final code 321L - edited with ali marmar\Tamar_Alex.asm
                  CURSOR2   0x000393    program     static C:\Users\alexa\Desktop\Final code 321L - edited with ali marmar\Tamar_Alex.asm
                     DECR   0x000232    program     static C:\Users\alexa\Desktop\Final code 321L - edited with ali marmar\Tamar_Alex.asm
                    DELAY   0x000282    program     static C:\Users\alexa\Desktop\Final code 321L - edited with ali marmar\Tamar_Alex.asm
                  DELAY10   0x00028b    program     static C:\Users\alexa\Desktop\Final code 321L - edited with ali marmar\Tamar_Alex.asm
                  DELAYMS   0x000066    program     static C:\Users\alexa\Desktop\Final code 321L - edited with ali marmar\Tamar_Alex.asm
                  DOLLARC   0x000377    program     static C:\Users\alexa\Desktop\Final code 321L - edited with ali marmar\Tamar_Alex.asm
                 DOUBLEIN   0x00016f    program     static C:\Users\alexa\Desktop\Final code 321L - edited with ali marmar\Tamar_Alex.asm
                DOUBLEOUT   0x00018f    program     static C:\Users\alexa\Desktop\Final code 321L - edited with ali marmar\Tamar_Alex.asm
                   ENDRB4   0x0001a4    program     static C:\Users\alexa\Desktop\Final code 321L - edited with ali marmar\Tamar_Alex.asm
                  END_FSR   0x00020b    program     static C:\Users\alexa\Desktop\Final code 321L - edited with ali marmar\Tamar_Alex.asm
                 END_FSR1   0x00001f    program     static C:\Users\alexa\Desktop\Final code 321L - edited with ali marmar\Tamar_Alex.asm
                 END_FSR2   0x00002a    program     static C:\Users\alexa\Desktop\Final code 321L - edited with ali marmar\Tamar_Alex.asm
                   ERRORR   0x00019c    program     static C:\Users\alexa\Desktop\Final code 321L - edited with ali marmar\Tamar_Alex.asm
                       ET   0x00027d    program     static C:\Users\alexa\Desktop\Final code 321L - edited with ali marmar\Tamar_Alex.asm
                   FINISH   0x00024e    program     static C:\Users\alexa\Desktop\Final code 321L - edited with ali marmar\Tamar_Alex.asm
                FIRSTLINE   0x00039a    program     static C:\Users\alexa\Desktop\Final code 321L - edited with ali marmar\Tamar_Alex.asm
                     FIVE   0x00009e    program     static C:\Users\alexa\Desktop\Final code 321L - edited with ali marmar\Tamar_Alex.asm
                    FIVEC   0x000370    program     static C:\Users\alexa\Desktop\Final code 321L - edited with ali marmar\Tamar_Alex.asm
                     FOUR   0x000093    program     static C:\Users\alexa\Desktop\Final code 321L - edited with ali marmar\Tamar_Alex.asm
                    FOURC   0x000369    program     static C:\Users\alexa\Desktop\Final code 321L - edited with ali marmar\Tamar_Alex.asm
                FSRDOUBLE   0x00014f    program     static C:\Users\alexa\Desktop\Final code 321L - edited with ali marmar\Tamar_Alex.asm
                FSRSINGLE   0x00014b    program     static C:\Users\alexa\Desktop\Final code 321L - edited with ali marmar\Tamar_Alex.asm
                 HALFONEC   0x000357    program     static C:\Users\alexa\Desktop\Final code 321L - edited with ali marmar\Tamar_Alex.asm
                    HASHC   0x00033f    program     static C:\Users\alexa\Desktop\Final code 321L - edited with ali marmar\Tamar_Alex.asm
                     HOT1   0x0003c0    program     static C:\Users\alexa\Desktop\Final code 321L - edited with ali marmar\Tamar_Alex.asm
                     HOT2   0x0003c5    program     static C:\Users\alexa\Desktop\Final code 321L - edited with ali marmar\Tamar_Alex.asm
                   HotelW   0x000294    program     static C:\Users\alexa\Desktop\Final code 321L - edited with ali marmar\Tamar_Alex.asm
                       IN   0x000153    program     static C:\Users\alexa\Desktop\Final code 321L - edited with ali marmar\Tamar_Alex.asm
                      INC   0x0000bb    program     static C:\Users\alexa\Desktop\Final code 321L - edited with ali marmar\Tamar_Alex.asm
                     INIT   0x000035    program     static C:\Users\alexa\Desktop\Final code 321L - edited with ali marmar\Tamar_Alex.asm
                    INITD   0x0003b7    program     static C:\Users\alexa\Desktop\Final code 321L - edited with ali marmar\Tamar_Alex.asm
                    INITS   0x0003ae    program     static C:\Users\alexa\Desktop\Final code 321L - edited with ali marmar\Tamar_Alex.asm
                     LAST   0x00015b    program     static C:\Users\alexa\Desktop\Final code 321L - edited with ali marmar\Tamar_Alex.asm
                  LETTERA   0x000323    program     static C:\Users\alexa\Desktop\Final code 321L - edited with ali marmar\Tamar_Alex.asm
                  LETTERB   0x000331    program     static C:\Users\alexa\Desktop\Final code 321L - edited with ali marmar\Tamar_Alex.asm
                  LETTERC   0x0002cf    program     static C:\Users\alexa\Desktop\Final code 321L - edited with ali marmar\Tamar_Alex.asm
                  LETTERD   0x0002c8    program     static C:\Users\alexa\Desktop\Final code 321L - edited with ali marmar\Tamar_Alex.asm
                  LETTERE   0x000315    program     static C:\Users\alexa\Desktop\Final code 321L - edited with ali marmar\Tamar_Alex.asm
                  LETTERG   0x000307    program     static C:\Users\alexa\Desktop\Final code 321L - edited with ali marmar\Tamar_Alex.asm
                  LETTERH   0x0002d6    program     static C:\Users\alexa\Desktop\Final code 321L - edited with ali marmar\Tamar_Alex.asm
                  LETTERI   0x0002e4    program     static C:\Users\alexa\Desktop\Final code 321L - edited with ali marmar\Tamar_Alex.asm
                  LETTERK   0x0002dd    program     static C:\Users\alexa\Desktop\Final code 321L - edited with ali marmar\Tamar_Alex.asm
                  LETTERL   0x00030e    program     static C:\Users\alexa\Desktop\Final code 321L - edited with ali marmar\Tamar_Alex.asm
                  LETTERM   0x0002b3    program     static C:\Users\alexa\Desktop\Final code 321L - edited with ali marmar\Tamar_Alex.asm
                  LETTERN   0x0002eb    program     static C:\Users\alexa\Desktop\Final code 321L - edited with ali marmar\Tamar_Alex.asm
                  LETTERO   0x0002f2    program     static C:\Users\alexa\Desktop\Final code 321L - edited with ali marmar\Tamar_Alex.asm
                  LETTERP   0x0002ba    program     static C:\Users\alexa\Desktop\Final code 321L - edited with ali marmar\Tamar_Alex.asm
                  LETTERR   0x00031c    program     static C:\Users\alexa\Desktop\Final code 321L - edited with ali marmar\Tamar_Alex.asm
                  LETTERS   0x0002c1    program     static C:\Users\alexa\Desktop\Final code 321L - edited with ali marmar\Tamar_Alex.asm
                  LETTERT   0x000300    program     static C:\Users\alexa\Desktop\Final code 321L - edited with ali marmar\Tamar_Alex.asm
                  LETTERU   0x0002f9    program     static C:\Users\alexa\Desktop\Final code 321L - edited with ali marmar\Tamar_Alex.asm
                  LETTERY   0x00032a    program     static C:\Users\alexa\Desktop\Final code 321L - edited with ali marmar\Tamar_Alex.asm
                    LINE1   0x0003a1    program     static C:\Users\alexa\Desktop\Final code 321L - edited with ali marmar\Tamar_Alex.asm
                    LINE2   0x0003a5    program     static C:\Users\alexa\Desktop\Final code 321L - edited with ali marmar\Tamar_Alex.asm
                     LOOP   0x000286    program     static C:\Users\alexa\Desktop\Final code 321L - edited with ali marmar\Tamar_Alex.asm
                    LOOP1   0x00028f    program     static C:\Users\alexa\Desktop\Final code 321L - edited with ali marmar\Tamar_Alex.asm
                   LOOP11   0x000018    program     static C:\Users\alexa\Desktop\Final code 321L - edited with ali marmar\Tamar_Alex.asm
                   LOOP12   0x000023    program     static C:\Users\alexa\Desktop\Final code 321L - edited with ali marmar\Tamar_Alex.asm
                    LOOP2   0x000068    program     static C:\Users\alexa\Desktop\Final code 321L - edited with ali marmar\Tamar_Alex.asm
                    LOOP7   0x0001f9    program     static C:\Users\alexa\Desktop\Final code 321L - edited with ali marmar\Tamar_Alex.asm
                    LOOP8   0x000204    program     static C:\Users\alexa\Desktop\Final code 321L - edited with ali marmar\Tamar_Alex.asm
                    LOOP9   0x00022a    program     static C:\Users\alexa\Desktop\Final code 321L - edited with ali marmar\Tamar_Alex.asm
                     MAIN   0x000008    program     static C:\Users\alexa\Desktop\Final code 321L - edited with ali marmar\Tamar_Alex.asm
                  NEWLINE   0x00038c    program     static C:\Users\alexa\Desktop\Final code 321L - edited with ali marmar\Tamar_Alex.asm
                     NEXT   0x0000c8    program     static C:\Users\alexa\Desktop\Final code 321L - edited with ali marmar\Tamar_Alex.asm
                    NEXT1   0x0000ed    program     static C:\Users\alexa\Desktop\Final code 321L - edited with ali marmar\Tamar_Alex.asm
                   NEXT11   0x00001b    program     static C:\Users\alexa\Desktop\Final code 321L - edited with ali marmar\Tamar_Alex.asm
                   NEXT12   0x000026    program     static C:\Users\alexa\Desktop\Final code 321L - edited with ali marmar\Tamar_Alex.asm
                    NEXT2   0x000107    program     static C:\Users\alexa\Desktop\Final code 321L - edited with ali marmar\Tamar_Alex.asm
                    NEXT3   0x00013d    program     static C:\Users\alexa\Desktop\Final code 321L - edited with ali marmar\Tamar_Alex.asm
                    NEXT4   0x000123    program     static C:\Users\alexa\Desktop\Final code 321L - edited with ali marmar\Tamar_Alex.asm
                    NEXT7   0x0001fc    program     static C:\Users\alexa\Desktop\Final code 321L - edited with ali marmar\Tamar_Alex.asm
                    NEXT8   0x000207    program     static C:\Users\alexa\Desktop\Final code 321L - edited with ali marmar\Tamar_Alex.asm
                      ONE   0x0000a9    program     static C:\Users\alexa\Desktop\Final code 321L - edited with ali marmar\Tamar_Alex.asm
                     ONEC   0x000354    program     static C:\Users\alexa\Desktop\Final code 321L - edited with ali marmar\Tamar_Alex.asm
                      OUT   0x000157    program     static C:\Users\alexa\Desktop\Final code 321L - edited with ali marmar\Tamar_Alex.asm
                   PASSED   0x000257    program     static C:\Users\alexa\Desktop\Final code 321L - edited with ali marmar\Tamar_Alex.asm
                   RB4INT   0x00006c    program     static C:\Users\alexa\Desktop\Final code 321L - edited with ali marmar\Tamar_Alex.asm
                      RED   0x0000ea    program     static C:\Users\alexa\Desktop\Final code 321L - edited with ali marmar\Tamar_Alex.asm
                   RESET1   0x0001d8    program     static C:\Users\alexa\Desktop\Final code 321L - edited with ali marmar\Tamar_Alex.asm
                   RESET2   0x0001f2    program     static C:\Users\alexa\Desktop\Final code 321L - edited with ali marmar\Tamar_Alex.asm
                   RESETT   0x0001eb    program     static C:\Users\alexa\Desktop\Final code 321L - edited with ali marmar\Tamar_Alex.asm
                    RETRY   0x0001a2    program     static C:\Users\alexa\Desktop\Final code 321L - edited with ali marmar\Tamar_Alex.asm
                     RETZ   0x00027b    program     static C:\Users\alexa\Desktop\Final code 321L - edited with ali marmar\Tamar_Alex.asm
                   SELECT   0x000076    program     static C:\Users\alexa\Desktop\Final code 321L - edited with ali marmar\Tamar_Alex.asm
                  SELECT1   0x0000be    program     static C:\Users\alexa\Desktop\Final code 321L - edited with ali marmar\Tamar_Alex.asm
                    SEVEN   0x0000b8    program     static C:\Users\alexa\Desktop\Final code 321L - edited with ali marmar\Tamar_Alex.asm
                 SIMULATE   0x000222    program     static C:\Users\alexa\Desktop\Final code 321L - edited with ali marmar\Tamar_Alex.asm
                 SINGLEIN   0x00015c    program     static C:\Users\alexa\Desktop\Final code 321L - edited with ali marmar\Tamar_Alex.asm
                SINGLEOUT   0x000182    program     static C:\Users\alexa\Desktop\Final code 321L - edited with ali marmar\Tamar_Alex.asm
                      SIX   0x0000b5    program     static C:\Users\alexa\Desktop\Final code 321L - edited with ali marmar\Tamar_Alex.asm
                   SPACEC   0x00034d    program     static C:\Users\alexa\Desktop\Final code 321L - edited with ali marmar\Tamar_Alex.asm
                  SPACEC2   0x0003a9    program     static C:\Users\alexa\Desktop\Final code 321L - edited with ali marmar\Tamar_Alex.asm
                    STARC   0x000338    program     static C:\Users\alexa\Desktop\Final code 321L - edited with ali marmar\Tamar_Alex.asm
                     SUCC   0x0001d4    program     static C:\Users\alexa\Desktop\Final code 321L - edited with ali marmar\Tamar_Alex.asm
                    TASK3   0x000065    program     static C:\Users\alexa\Desktop\Final code 321L - edited with ali marmar\Tamar_Alex.asm
                     THOU   0x0001cf    program     static C:\Users\alexa\Desktop\Final code 321L - edited with ali marmar\Tamar_Alex.asm
                    THREE   0x000088    program     static C:\Users\alexa\Desktop\Final code 321L - edited with ali marmar\Tamar_Alex.asm
                   THREEC   0x000362    program     static C:\Users\alexa\Desktop\Final code 321L - edited with ali marmar\Tamar_Alex.asm
                  TMR0INT   0x000269    program     static C:\Users\alexa\Desktop\Final code 321L - edited with ali marmar\Tamar_Alex.asm
                      TWO   0x00007d    program     static C:\Users\alexa\Desktop\Final code 321L - edited with ali marmar\Tamar_Alex.asm
                     TWOC   0x00035b    program     static C:\Users\alexa\Desktop\Final code 321L - edited with ali marmar\Tamar_Alex.asm
                   UPDATE   0x00023b    program     static C:\Users\alexa\Desktop\Final code 321L - edited with ali marmar\Tamar_Alex.asm
                  UPDATED   0x000247    program     static C:\Users\alexa\Desktop\Final code 321L - edited with ali marmar\Tamar_Alex.asm
                  UPDATES   0x000240    program     static C:\Users\alexa\Desktop\Final code 321L - edited with ali marmar\Tamar_Alex.asm
                     WELC   0x000058    program     static C:\Users\alexa\Desktop\Final code 321L - edited with ali marmar\Tamar_Alex.asm
                    ZEROC   0x00037e    program     static C:\Users\alexa\Desktop\Final code 321L - edited with ali marmar\Tamar_Alex.asm



                              Symbols - Sorted by Address
                     Name    Address   Location    Storage File                     
                ---------  ---------  ---------  --------- ---------                
                     MAIN   0x000008    program     static C:\Users\alexa\Desktop\Final code 321L - edited with ali marmar\Tamar_Alex.asm
                   LOOP11   0x000018    program     static C:\Users\alexa\Desktop\Final code 321L - edited with ali marmar\Tamar_Alex.asm
                   NEXT11   0x00001b    program     static C:\Users\alexa\Desktop\Final code 321L - edited with ali marmar\Tamar_Alex.asm
                 END_FSR1   0x00001f    program     static C:\Users\alexa\Desktop\Final code 321L - edited with ali marmar\Tamar_Alex.asm
                   LOOP12   0x000023    program     static C:\Users\alexa\Desktop\Final code 321L - edited with ali marmar\Tamar_Alex.asm
                   NEXT12   0x000026    program     static C:\Users\alexa\Desktop\Final code 321L - edited with ali marmar\Tamar_Alex.asm
                 END_FSR2   0x00002a    program     static C:\Users\alexa\Desktop\Final code 321L - edited with ali marmar\Tamar_Alex.asm
                     INIT   0x000035    program     static C:\Users\alexa\Desktop\Final code 321L - edited with ali marmar\Tamar_Alex.asm
                     WELC   0x000058    program     static C:\Users\alexa\Desktop\Final code 321L - edited with ali marmar\Tamar_Alex.asm
                    TASK3   0x000065    program     static C:\Users\alexa\Desktop\Final code 321L - edited with ali marmar\Tamar_Alex.asm
                  DELAYMS   0x000066    program     static C:\Users\alexa\Desktop\Final code 321L - edited with ali marmar\Tamar_Alex.asm
                    LOOP2   0x000068    program     static C:\Users\alexa\Desktop\Final code 321L - edited with ali marmar\Tamar_Alex.asm
                   RB4INT   0x00006c    program     static C:\Users\alexa\Desktop\Final code 321L - edited with ali marmar\Tamar_Alex.asm
                   SELECT   0x000076    program     static C:\Users\alexa\Desktop\Final code 321L - edited with ali marmar\Tamar_Alex.asm
                      TWO   0x00007d    program     static C:\Users\alexa\Desktop\Final code 321L - edited with ali marmar\Tamar_Alex.asm
                    THREE   0x000088    program     static C:\Users\alexa\Desktop\Final code 321L - edited with ali marmar\Tamar_Alex.asm
                     FOUR   0x000093    program     static C:\Users\alexa\Desktop\Final code 321L - edited with ali marmar\Tamar_Alex.asm
                     FIVE   0x00009e    program     static C:\Users\alexa\Desktop\Final code 321L - edited with ali marmar\Tamar_Alex.asm
                      ONE   0x0000a9    program     static C:\Users\alexa\Desktop\Final code 321L - edited with ali marmar\Tamar_Alex.asm
                      SIX   0x0000b5    program     static C:\Users\alexa\Desktop\Final code 321L - edited with ali marmar\Tamar_Alex.asm
                    SEVEN   0x0000b8    program     static C:\Users\alexa\Desktop\Final code 321L - edited with ali marmar\Tamar_Alex.asm
                      INC   0x0000bb    program     static C:\Users\alexa\Desktop\Final code 321L - edited with ali marmar\Tamar_Alex.asm
                  SELECT1   0x0000be    program     static C:\Users\alexa\Desktop\Final code 321L - edited with ali marmar\Tamar_Alex.asm
                     NEXT   0x0000c8    program     static C:\Users\alexa\Desktop\Final code 321L - edited with ali marmar\Tamar_Alex.asm
                  CONFIRM   0x0000d0    program     static C:\Users\alexa\Desktop\Final code 321L - edited with ali marmar\Tamar_Alex.asm
                      CHK   0x0000d6    program     static C:\Users\alexa\Desktop\Final code 321L - edited with ali marmar\Tamar_Alex.asm
                      RED   0x0000ea    program     static C:\Users\alexa\Desktop\Final code 321L - edited with ali marmar\Tamar_Alex.asm
                    NEXT1   0x0000ed    program     static C:\Users\alexa\Desktop\Final code 321L - edited with ali marmar\Tamar_Alex.asm
                    NEXT2   0x000107    program     static C:\Users\alexa\Desktop\Final code 321L - edited with ali marmar\Tamar_Alex.asm
                    CONT4   0x00011e    program     static C:\Users\alexa\Desktop\Final code 321L - edited with ali marmar\Tamar_Alex.asm
                    NEXT4   0x000123    program     static C:\Users\alexa\Desktop\Final code 321L - edited with ali marmar\Tamar_Alex.asm
                    NEXT3   0x00013d    program     static C:\Users\alexa\Desktop\Final code 321L - edited with ali marmar\Tamar_Alex.asm
                     CONT   0x000143    program     static C:\Users\alexa\Desktop\Final code 321L - edited with ali marmar\Tamar_Alex.asm
                FSRSINGLE   0x00014b    program     static C:\Users\alexa\Desktop\Final code 321L - edited with ali marmar\Tamar_Alex.asm
                FSRDOUBLE   0x00014f    program     static C:\Users\alexa\Desktop\Final code 321L - edited with ali marmar\Tamar_Alex.asm
                       IN   0x000153    program     static C:\Users\alexa\Desktop\Final code 321L - edited with ali marmar\Tamar_Alex.asm
                      OUT   0x000157    program     static C:\Users\alexa\Desktop\Final code 321L - edited with ali marmar\Tamar_Alex.asm
                     LAST   0x00015b    program     static C:\Users\alexa\Desktop\Final code 321L - edited with ali marmar\Tamar_Alex.asm
                 SINGLEIN   0x00015c    program     static C:\Users\alexa\Desktop\Final code 321L - edited with ali marmar\Tamar_Alex.asm
                 DOUBLEIN   0x00016f    program     static C:\Users\alexa\Desktop\Final code 321L - edited with ali marmar\Tamar_Alex.asm
                SINGLEOUT   0x000182    program     static C:\Users\alexa\Desktop\Final code 321L - edited with ali marmar\Tamar_Alex.asm
                DOUBLEOUT   0x00018f    program     static C:\Users\alexa\Desktop\Final code 321L - edited with ali marmar\Tamar_Alex.asm
                   ERRORR   0x00019c    program     static C:\Users\alexa\Desktop\Final code 321L - edited with ali marmar\Tamar_Alex.asm
                    RETRY   0x0001a2    program     static C:\Users\alexa\Desktop\Final code 321L - edited with ali marmar\Tamar_Alex.asm
                   ENDRB4   0x0001a4    program     static C:\Users\alexa\Desktop\Final code 321L - edited with ali marmar\Tamar_Alex.asm
                     BILL   0x0001a6    program     static C:\Users\alexa\Desktop\Final code 321L - edited with ali marmar\Tamar_Alex.asm
                    CONT1   0x0001b7    program     static C:\Users\alexa\Desktop\Final code 321L - edited with ali marmar\Tamar_Alex.asm
                    CONT2   0x0001ba    program     static C:\Users\alexa\Desktop\Final code 321L - edited with ali marmar\Tamar_Alex.asm
                    BILL2   0x0001bd    program     static C:\Users\alexa\Desktop\Final code 321L - edited with ali marmar\Tamar_Alex.asm
                 BILLNEXT   0x0001c7    program     static C:\Users\alexa\Desktop\Final code 321L - edited with ali marmar\Tamar_Alex.asm
                     THOU   0x0001cf    program     static C:\Users\alexa\Desktop\Final code 321L - edited with ali marmar\Tamar_Alex.asm
                     SUCC   0x0001d4    program     static C:\Users\alexa\Desktop\Final code 321L - edited with ali marmar\Tamar_Alex.asm
                   RESET1   0x0001d8    program     static C:\Users\alexa\Desktop\Final code 321L - edited with ali marmar\Tamar_Alex.asm
                   RESETT   0x0001eb    program     static C:\Users\alexa\Desktop\Final code 321L - edited with ali marmar\Tamar_Alex.asm
                   RESET2   0x0001f2    program     static C:\Users\alexa\Desktop\Final code 321L - edited with ali marmar\Tamar_Alex.asm
                    LOOP7   0x0001f9    program     static C:\Users\alexa\Desktop\Final code 321L - edited with ali marmar\Tamar_Alex.asm
                    NEXT7   0x0001fc    program     static C:\Users\alexa\Desktop\Final code 321L - edited with ali marmar\Tamar_Alex.asm
                    LOOP8   0x000204    program     static C:\Users\alexa\Desktop\Final code 321L - edited with ali marmar\Tamar_Alex.asm
                    NEXT8   0x000207    program     static C:\Users\alexa\Desktop\Final code 321L - edited with ali marmar\Tamar_Alex.asm
                  END_FSR   0x00020b    program     static C:\Users\alexa\Desktop\Final code 321L - edited with ali marmar\Tamar_Alex.asm
                 SIMULATE   0x000222    program     static C:\Users\alexa\Desktop\Final code 321L - edited with ali marmar\Tamar_Alex.asm
                    LOOP9   0x00022a    program     static C:\Users\alexa\Desktop\Final code 321L - edited with ali marmar\Tamar_Alex.asm
                    CONT6   0x00022f    program     static C:\Users\alexa\Desktop\Final code 321L - edited with ali marmar\Tamar_Alex.asm
                     DECR   0x000232    program     static C:\Users\alexa\Desktop\Final code 321L - edited with ali marmar\Tamar_Alex.asm
                   UPDATE   0x00023b    program     static C:\Users\alexa\Desktop\Final code 321L - edited with ali marmar\Tamar_Alex.asm
                  UPDATES   0x000240    program     static C:\Users\alexa\Desktop\Final code 321L - edited with ali marmar\Tamar_Alex.asm
                  UPDATED   0x000247    program     static C:\Users\alexa\Desktop\Final code 321L - edited with ali marmar\Tamar_Alex.asm
                   FINISH   0x00024e    program     static C:\Users\alexa\Desktop\Final code 321L - edited with ali marmar\Tamar_Alex.asm
                    AGAIN   0x000253    program     static C:\Users\alexa\Desktop\Final code 321L - edited with ali marmar\Tamar_Alex.asm
                   PASSED   0x000257    program     static C:\Users\alexa\Desktop\Final code 321L - edited with ali marmar\Tamar_Alex.asm
                  TMR0INT   0x000269    program     static C:\Users\alexa\Desktop\Final code 321L - edited with ali marmar\Tamar_Alex.asm
                     RETZ   0x00027b    program     static C:\Users\alexa\Desktop\Final code 321L - edited with ali marmar\Tamar_Alex.asm
                       ET   0x00027d    program     static C:\Users\alexa\Desktop\Final code 321L - edited with ali marmar\Tamar_Alex.asm
                    DELAY   0x000282    program     static C:\Users\alexa\Desktop\Final code 321L - edited with ali marmar\Tamar_Alex.asm
                     LOOP   0x000286    program     static C:\Users\alexa\Desktop\Final code 321L - edited with ali marmar\Tamar_Alex.asm
                  DELAY10   0x00028b    program     static C:\Users\alexa\Desktop\Final code 321L - edited with ali marmar\Tamar_Alex.asm
                    LOOP1   0x00028f    program     static C:\Users\alexa\Desktop\Final code 321L - edited with ali marmar\Tamar_Alex.asm
                   HotelW   0x000294    program     static C:\Users\alexa\Desktop\Final code 321L - edited with ali marmar\Tamar_Alex.asm
                  LETTERM   0x0002b3    program     static C:\Users\alexa\Desktop\Final code 321L - edited with ali marmar\Tamar_Alex.asm
                  LETTERP   0x0002ba    program     static C:\Users\alexa\Desktop\Final code 321L - edited with ali marmar\Tamar_Alex.asm
                  LETTERS   0x0002c1    program     static C:\Users\alexa\Desktop\Final code 321L - edited with ali marmar\Tamar_Alex.asm
                  LETTERD   0x0002c8    program     static C:\Users\alexa\Desktop\Final code 321L - edited with ali marmar\Tamar_Alex.asm
                  LETTERC   0x0002cf    program     static C:\Users\alexa\Desktop\Final code 321L - edited with ali marmar\Tamar_Alex.asm
                  LETTERH   0x0002d6    program     static C:\Users\alexa\Desktop\Final code 321L - edited with ali marmar\Tamar_Alex.asm
                  LETTERK   0x0002dd    program     static C:\Users\alexa\Desktop\Final code 321L - edited with ali marmar\Tamar_Alex.asm
                  LETTERI   0x0002e4    program     static C:\Users\alexa\Desktop\Final code 321L - edited with ali marmar\Tamar_Alex.asm
                  LETTERN   0x0002eb    program     static C:\Users\alexa\Desktop\Final code 321L - edited with ali marmar\Tamar_Alex.asm
                  LETTERO   0x0002f2    program     static C:\Users\alexa\Desktop\Final code 321L - edited with ali marmar\Tamar_Alex.asm
                  LETTERU   0x0002f9    program     static C:\Users\alexa\Desktop\Final code 321L - edited with ali marmar\Tamar_Alex.asm
                  LETTERT   0x000300    program     static C:\Users\alexa\Desktop\Final code 321L - edited with ali marmar\Tamar_Alex.asm
                  LETTERG   0x000307    program     static C:\Users\alexa\Desktop\Final code 321L - edited with ali marmar\Tamar_Alex.asm
                  LETTERL   0x00030e    program     static C:\Users\alexa\Desktop\Final code 321L - edited with ali marmar\Tamar_Alex.asm
                  LETTERE   0x000315    program     static C:\Users\alexa\Desktop\Final code 321L - edited with ali marmar\Tamar_Alex.asm
                  LETTERR   0x00031c    program     static C:\Users\alexa\Desktop\Final code 321L - edited with ali marmar\Tamar_Alex.asm
                  LETTERA   0x000323    program     static C:\Users\alexa\Desktop\Final code 321L - edited with ali marmar\Tamar_Alex.asm
                  LETTERY   0x00032a    program     static C:\Users\alexa\Desktop\Final code 321L - edited with ali marmar\Tamar_Alex.asm
                  LETTERB   0x000331    program     static C:\Users\alexa\Desktop\Final code 321L - edited with ali marmar\Tamar_Alex.asm
                    STARC   0x000338    program     static C:\Users\alexa\Desktop\Final code 321L - edited with ali marmar\Tamar_Alex.asm
                    HASHC   0x00033f    program     static C:\Users\alexa\Desktop\Final code 321L - edited with ali marmar\Tamar_Alex.asm
                   ARROWC   0x000346    program     static C:\Users\alexa\Desktop\Final code 321L - edited with ali marmar\Tamar_Alex.asm
                   SPACEC   0x00034d    program     static C:\Users\alexa\Desktop\Final code 321L - edited with ali marmar\Tamar_Alex.asm
                     ONEC   0x000354    program     static C:\Users\alexa\Desktop\Final code 321L - edited with ali marmar\Tamar_Alex.asm
                 HALFONEC   0x000357    program     static C:\Users\alexa\Desktop\Final code 321L - edited with ali marmar\Tamar_Alex.asm
                     TWOC   0x00035b    program     static C:\Users\alexa\Desktop\Final code 321L - edited with ali marmar\Tamar_Alex.asm
                   THREEC   0x000362    program     static C:\Users\alexa\Desktop\Final code 321L - edited with ali marmar\Tamar_Alex.asm
                    FOURC   0x000369    program     static C:\Users\alexa\Desktop\Final code 321L - edited with ali marmar\Tamar_Alex.asm
                    FIVEC   0x000370    program     static C:\Users\alexa\Desktop\Final code 321L - edited with ali marmar\Tamar_Alex.asm
                  DOLLARC   0x000377    program     static C:\Users\alexa\Desktop\Final code 321L - edited with ali marmar\Tamar_Alex.asm
                    ZEROC   0x00037e    program     static C:\Users\alexa\Desktop\Final code 321L - edited with ali marmar\Tamar_Alex.asm
                    CLEAR   0x000385    program     static C:\Users\alexa\Desktop\Final code 321L - edited with ali marmar\Tamar_Alex.asm
                  NEWLINE   0x00038c    program     static C:\Users\alexa\Desktop\Final code 321L - edited with ali marmar\Tamar_Alex.asm
                  CURSOR2   0x000393    program     static C:\Users\alexa\Desktop\Final code 321L - edited with ali marmar\Tamar_Alex.asm
                FIRSTLINE   0x00039a    program     static C:\Users\alexa\Desktop\Final code 321L - edited with ali marmar\Tamar_Alex.asm
                    LINE1   0x0003a1    program     static C:\Users\alexa\Desktop\Final code 321L - edited with ali marmar\Tamar_Alex.asm
                    LINE2   0x0003a5    program     static C:\Users\alexa\Desktop\Final code 321L - edited with ali marmar\Tamar_Alex.asm
                  SPACEC2   0x0003a9    program     static C:\Users\alexa\Desktop\Final code 321L - edited with ali marmar\Tamar_Alex.asm
                    INITS   0x0003ae    program     static C:\Users\alexa\Desktop\Final code 321L - edited with ali marmar\Tamar_Alex.asm
                    INITD   0x0003b7    program     static C:\Users\alexa\Desktop\Final code 321L - edited with ali marmar\Tamar_Alex.asm
                     HOT1   0x0003c0    program     static C:\Users\alexa\Desktop\Final code 321L - edited with ali marmar\Tamar_Alex.asm
                     HOT2   0x0003c5    program     static C:\Users\alexa\Desktop\Final code 321L - edited with ali marmar\Tamar_Alex.asm


